C51 COMPILER V9.53.0.0   PROGRAM                                                           01/11/2025 14:08:43 PAGE 1   


C51 COMPILER V9.53.0.0, COMPILATION OF MODULE PROGRAM
OBJECT MODULE PLACED IN program.OBJ
COMPILER INVOKED BY: C:\Keil_v5\C51\BIN\C51.EXE program.c OPTIMIZE(8,SPEED) BROWSE DEBUG OBJECTEXTEND TABS(2)

line level    source

   1          #include <REGX51.H>
   2          #define leds P2
   3          void dely(unsigned int dly);
   4          void main(){
   5   1        unsigned int delay =0;
   6   1        while(1){
   7   2         leds=0x55;
   8   2         dely(50);
   9   2         leds=0xAA;
  10   2         dely(50);}}
  11                void dely (unsigned int dly){
  12   1            unsigned int loop=0,dly_led =0;
  13   1            for(loop=0;loop<dly;loop++){
  14   2            for(dly_led=0;dly_led<800;dly_led++);}}


MODULE INFORMATION:   STATIC OVERLAYABLE
   CODE SIZE        =     59    ----
   CONSTANT SIZE    =   ----    ----
   XDATA SIZE       =   ----    ----
   PDATA SIZE       =   ----    ----
   DATA SIZE        =   ----       2
   IDATA SIZE       =   ----    ----
   BIT SIZE         =   ----    ----
END OF MODULE INFORMATION.


C51 COMPILATION COMPLETE.  0 WARNING(S),  0 ERROR(S)
